// Jest Snapshot v1, https://goo.gl/fbAQLP

exports[`<EditProductScreen /> should render the component correctly 1`] = `
<View
  style={
    {
      "backgroundColor": "#fefefe",
      "flex": 1,
      "paddingBottom": 20,
      "paddingLeft": 60,
      "width": "100%",
    }
  }
>
  <Text
    style={
      {
        "fontSize": 34,
      }
    }
  >
    Actualizar Producto
  </Text>
  <RCTScrollView
    style={
      {
        "width": "100%",
      }
    }
  >
    <View>
      <View
        style={
          {
            "width": "80%",
          }
        }
      >
        <Text
          style={
            {
              "fontSize": 14,
              "marginVertical": 10,
            }
          }
        >
          ID
        </Text>
        <View
          style={
            {
              "marginBottom": 5,
            }
          }
        >
          <TextInput
            blurOnSubmit={true}
            keyboardType="numeric"
            onBlur={[Function]}
            onChangeText={[Function]}
            placeholder="Numero de ID"
            placeholderTextColor="#6a6a6a"
            style={
              [
                {
                  "borderRadius": 5,
                  "borderWidth": 1,
                  "fontSize": 24,
                  "height": 50,
                  "paddingLeft": 20,
                  "width": "100%",
                },
                {
                  "borderColor": "#eaeaea",
                },
              ]
            }
            testID="error-message"
          />
        </View>
      </View>
      <View
        style={
          {
            "width": "80%",
          }
        }
      >
        <Text
          style={
            {
              "fontSize": 14,
              "marginVertical": 10,
            }
          }
        >
          Nombre
        </Text>
        <View
          style={
            {
              "marginBottom": 5,
            }
          }
        >
          <TextInput
            blurOnSubmit={true}
            keyboardType="default"
            onBlur={[Function]}
            onChangeText={[Function]}
            placeholder="Tarjeta Crédito"
            placeholderTextColor="#6a6a6a"
            style={
              [
                {
                  "borderRadius": 5,
                  "borderWidth": 1,
                  "fontSize": 24,
                  "height": 50,
                  "paddingLeft": 20,
                  "width": "100%",
                },
                {
                  "borderColor": "#eaeaea",
                },
              ]
            }
            testID="error-message"
          />
        </View>
      </View>
      <View
        style={
          {
            "width": "80%",
          }
        }
      >
        <Text
          style={
            {
              "fontSize": 14,
              "marginVertical": 10,
            }
          }
        >
          Descripción
        </Text>
        <View
          style={
            {
              "marginBottom": 5,
            }
          }
        >
          <TextInput
            blurOnSubmit={true}
            keyboardType="default"
            onBlur={[Function]}
            onChangeText={[Function]}
            placeholder="Descripción"
            placeholderTextColor="#6a6a6a"
            style={
              [
                {
                  "borderRadius": 5,
                  "borderWidth": 1,
                  "fontSize": 24,
                  "height": 50,
                  "paddingLeft": 20,
                  "width": "100%",
                },
                {
                  "borderColor": "#eaeaea",
                },
              ]
            }
            testID="error-message"
          />
        </View>
      </View>
      <View
        style={
          {
            "width": "80%",
          }
        }
      >
        <Text
          style={
            {
              "fontSize": 14,
              "marginVertical": 10,
            }
          }
        >
          Logo
        </Text>
        <View
          style={
            {
              "marginBottom": 5,
            }
          }
        >
          <TextInput
            blurOnSubmit={true}
            keyboardType="default"
            onBlur={[Function]}
            onChangeText={[Function]}
            placeholder="Logo"
            placeholderTextColor="#6a6a6a"
            style={
              [
                {
                  "borderRadius": 5,
                  "borderWidth": 1,
                  "fontSize": 24,
                  "height": 50,
                  "paddingLeft": 20,
                  "width": "100%",
                },
                {
                  "borderColor": "#eaeaea",
                },
              ]
            }
            testID="error-message"
          />
        </View>
      </View>
      <View
        style={
          {
            "width": "80%",
          }
        }
      >
        <Text
          style={
            {
              "fontSize": 14,
              "marginVertical": 10,
            }
          }
        >
          Fecha Liberación
        </Text>
        <View
          style={
            {
              "marginBottom": 5,
            }
          }
        >
          <View>
            <View>
              <View
                accessibilityState={
                  {
                    "busy": undefined,
                    "checked": undefined,
                    "disabled": undefined,
                    "expanded": undefined,
                    "selected": undefined,
                  }
                }
                accessibilityValue={
                  {
                    "max": undefined,
                    "min": undefined,
                    "now": undefined,
                    "text": undefined,
                  }
                }
                accessible={true}
                collapsable={false}
                focusable={true}
                onClick={[Function]}
                onResponderGrant={[Function]}
                onResponderMove={[Function]}
                onResponderRelease={[Function]}
                onResponderTerminate={[Function]}
                onResponderTerminationRequest={[Function]}
                onStartShouldSetResponder={[Function]}
                style={
                  {
                    "alignItems": "center",
                    "backgroundColor": "#eaeaea",
                    "borderRadius": 5,
                    "color": "#FFFFFF",
                    "opacity": 1,
                  }
                }
              >
                <Text
                  style={
                    {
                      "color": "#1E2126",
                      "fontSize": 24,
                      "padding": 10,
                    }
                  }
                >
                  22/02/2023
                </Text>
              </View>
            </View>
          </View>
        </View>
      </View>
      <View
        style={
          {
            "width": "80%",
          }
        }
      >
        <Text
          style={
            {
              "fontSize": 14,
              "marginVertical": 10,
            }
          }
        >
          Fecha Revisión
        </Text>
        <View
          style={
            {
              "marginBottom": 5,
            }
          }
        >
          <View>
            <View>
              <View
                accessibilityState={
                  {
                    "busy": undefined,
                    "checked": undefined,
                    "disabled": undefined,
                    "expanded": undefined,
                    "selected": undefined,
                  }
                }
                accessibilityValue={
                  {
                    "max": undefined,
                    "min": undefined,
                    "now": undefined,
                    "text": undefined,
                  }
                }
                accessible={true}
                collapsable={false}
                focusable={true}
                onClick={[Function]}
                onResponderGrant={[Function]}
                onResponderMove={[Function]}
                onResponderRelease={[Function]}
                onResponderTerminate={[Function]}
                onResponderTerminationRequest={[Function]}
                onStartShouldSetResponder={[Function]}
                style={
                  {
                    "alignItems": "center",
                    "backgroundColor": "#eaeaea",
                    "borderRadius": 5,
                    "color": "#FFFFFF",
                    "opacity": 1,
                  }
                }
              >
                <Text
                  style={
                    {
                      "color": "#1E2126",
                      "fontSize": 24,
                      "padding": 10,
                    }
                  }
                >
                  22/02/2024
                </Text>
              </View>
            </View>
          </View>
        </View>
      </View>
      <View
        accessibilityState={
          {
            "busy": undefined,
            "checked": undefined,
            "disabled": undefined,
            "expanded": undefined,
            "selected": undefined,
          }
        }
        accessibilityValue={
          {
            "max": undefined,
            "min": undefined,
            "now": undefined,
            "text": undefined,
          }
        }
        accessible={true}
        collapsable={false}
        focusable={true}
        onClick={[Function]}
        onResponderGrant={[Function]}
        onResponderMove={[Function]}
        onResponderRelease={[Function]}
        onResponderTerminate={[Function]}
        onResponderTerminationRequest={[Function]}
        onStartShouldSetResponder={[Function]}
        style={
          {
            "alignItems": "center",
            "backgroundColor": "#FFDD00",
            "borderRadius": 10,
            "height": 60,
            "justifyContent": "center",
            "marginVertical": 10,
            "opacity": 1,
            "paddingHorizontal": 15,
            "paddingVertical": 10,
            "width": "80%",
          }
        }
      >
        <Text
          style={
            {
              "color": "#1E2126",
              "fontSize": 14,
              "fontWeight": "bold",
              "padding": 10,
            }
          }
        >
          Actualizar
        </Text>
      </View>
      <View
        accessibilityState={
          {
            "busy": undefined,
            "checked": undefined,
            "disabled": undefined,
            "expanded": undefined,
            "selected": undefined,
          }
        }
        accessibilityValue={
          {
            "max": undefined,
            "min": undefined,
            "now": undefined,
            "text": undefined,
          }
        }
        accessible={true}
        collapsable={false}
        focusable={true}
        onClick={[Function]}
        onResponderGrant={[Function]}
        onResponderMove={[Function]}
        onResponderRelease={[Function]}
        onResponderTerminate={[Function]}
        onResponderTerminationRequest={[Function]}
        onStartShouldSetResponder={[Function]}
        style={
          {
            "alignItems": "center",
            "backgroundColor": "#eaeaea",
            "borderRadius": 10,
            "height": 60,
            "justifyContent": "center",
            "marginVertical": 10,
            "opacity": 1,
            "paddingHorizontal": 15,
            "paddingVertical": 10,
            "width": "80%",
          }
        }
      >
        <Text
          style={
            {
              "color": "#1E2126",
              "fontSize": 14,
              "fontWeight": "bold",
              "padding": 10,
            }
          }
        >
          Cancelar
        </Text>
      </View>
    </View>
  </RCTScrollView>
</View>
`;
